out/enginelarge.h
out/enginelarge.c
out/enginesmall.h
out/enginesmall.c
out/laser1.h
out/laser1.c
out/laser2.h
out/laser2.c
out/laser3.h
out/laser3.c
out/lv1cic.h
out/lv1cic.c
out/lv1semi.h
out/lv1semi.c
out/lv1square.h
out/lv1square.c
out/lv1triangle.h
out/lv1triangle.c
out/lv2cic.h
out/lv2cic.c
out/lv2semi.h
out/lv2semi.c
out/lv2square.h
out/lv2square.c
out/lv2triangle.h
out/lv2triangle.c
out/lv3cic.h
out/lv3cic.c
out/lv3semi.h
out/lv3semi.c
out/lv3square.h
out/lv3square.c
out/lv3triangle.h
out/lv3triangle.c
out/missile1.h
out/missile1.c
out/missile2.h
out/missile2.c
out/missile3.h
out/missile3.c
out/turret1.h
out/turret1.c
out/turret2.h
out/turret2.c
out/turret3.h
out/turret3.c
out/winglong.h
out/winglong.c
out/wingmed.h
out/wingmed.c
out/wingshort.h
out/wingshort.c
out/blox_gfx.h
out/ninp_end.h
out/ninp_end.c
out/spr_agl.h
out/spr_agl.c
out/spr_atk.h
out/spr_atk.c
out/spr_def.h
out/spr_def.c
out/spr_hp.h
out/spr_hp.c
out/spr_pwr.h
out/spr_pwr.c
out/spr_spd.h
out/spr_spd.c
out/spr_wt.h
out/spr_wt.c
out/gui_gfx.h
out/enemy1.h
out/enemy1.c
out/enemy_gfx.h
out/fire1.h
out/fire1.c
out/fire2.h
out/fire2.c
out/effect_gfx.h
